src/lib/mail.ts(2,1): error TS1185: Merge conflict marker encountered.
src/lib/mail.ts(4,1): error TS1185: Merge conflict marker encountered.
src/lib/mail.ts(5,1): error TS1185: Merge conflict marker encountered.
src/modules/media/media.controller.ts(3,1): error TS1185: Merge conflict marker encountered.
src/modules/media/media.controller.ts(20,1): error TS1185: Merge conflict marker encountered.
src/modules/media/media.controller.ts(40,1): error TS1185: Merge conflict marker encountered.
src/modules/media/media.router.ts(3,1): error TS1185: Merge conflict marker encountered.
src/modules/media/media.router.ts(25,1): error TS1185: Merge conflict marker encountered.
src/modules/media/media.router.ts(50,1): error TS1185: Merge conflict marker encountered.
